// Jest Snapshot v1, https://goo.gl/fbAQLP

exports[`CameraToggle renders correctly 1`] = `ShallowWrapper {}`;
