// Jest Snapshot v1, https://goo.gl/fbAQLP

exports[`ColorSwatches renders correctly 1`] = `ShallowWrapper {}`;
