// Jest Snapshot v1, https://goo.gl/fbAQLP

exports[`ControlDrawer renders correctly 1`] = `ShallowWrapper {}`;
