// Jest Snapshot v1, https://goo.gl/fbAQLP

exports[`DeviceOrientationIcon renders correctly 1`] = `ShallowWrapper {}`;
