// Jest Snapshot v1, https://goo.gl/fbAQLP

exports[`FocalPoint renders correctly 1`] = `ShallowWrapper {}`;
