// Jest Snapshot v1, https://goo.gl/fbAQLP

exports[`FullScreenToggle renders correctly 1`] = `ShallowWrapper {}`;
