// Jest Snapshot v1, https://goo.gl/fbAQLP

exports[`FullScreenIcon renders correctly 1`] = `ShallowWrapper {}`;
