// Jest Snapshot v1, https://goo.gl/fbAQLP

exports[`MediaInputSelector renders correctly 1`] = `ShallowWrapper {}`;
