// Jest Snapshot v1, https://goo.gl/fbAQLP

exports[`MessageBar renders correctly 1`] = `ShallowWrapper {}`;
