// Jest Snapshot v1, https://goo.gl/fbAQLP

exports[`SetupButton renders correctly 1`] = `ShallowWrapper {}`;
