// Jest Snapshot v1, https://goo.gl/fbAQLP

exports[`DrawCanvas renders correctly 1`] = `ReactWrapper {}`;
