// Jest Snapshot v1, https://goo.gl/fbAQLP

exports[`SwitchCamera renders correctly 1`] = `ShallowWrapper {}`;
