// Jest Snapshot v1, https://goo.gl/fbAQLP

exports[`VHyveLogo renders correctly 1`] = `ShallowWrapper {}`;
