// Jest Snapshot v1, https://goo.gl/fbAQLP

exports[`VideoScreen renders correctly 1`] = `ShallowWrapper {}`;
