// Jest Snapshot v1, https://goo.gl/fbAQLP

exports[`WebcamComponent renders correctly 1`] = `ShallowWrapper {}`;
